yamamotogen@yamamotomotonoMacBook-Air ~ % cd/Users/yamamotogen/Desktop 
zsh: no such file or directory: cd/Users/yamamotogen/Desktop
yamamotogen@yamamotomotonoMacBook-Air ~ % mkdir git_challenge
yamamotogen@yamamotomotonoMacBook-Air ~ % cd git_challenge
cd: no such file or directory: git_challenge
yamamotogen@yamamotomotonoMacBook-Air ~ % cd /Users/yamamotogen/Desktop/git_challenge
yamamotogen@yamamotomotonoMacBook-Air git_challenge % git init
Initialized empty Git repository in /Users/yamamotogen/Desktop/git_challenge/.git/
yamamotogen@yamamotomotonoMacBook-Air git_challenge % echo "Hello,world!" >> hello_world.txt 
dquote> 
yamamotogen@yamamotomotonoMacBook-Air git_challenge % git add hello_world.txt
yamamotogen@yamamotomotonoMacBook-Air git_challenge % git commit -m "hello_world.txtを追加"  
[main (root-commit) d1548f4] hello_world.txtを追加
 1 file changed, 1 insertion(+)
 create mode 100644 hello_world.txt
yamamotogen@yamamotomotonoMacBook-Air git_challenge % git status
On branch main
Untracked files:
  (use "git add <file>..." to include in what will be committed)
        .DS_Store

nothing added to commit but untracked files present (use "git add" to track)
yamamotogen@yamamotomotonoMacBook-Air git_challenge % git add hello_world.txt
yamamotogen@yamamotomotonoMacBook-Air git_challenge % git commit -m "日本語訳を追記" 
[main da2b9f6] 日本語訳を追記
 1 file changed, 2 insertions(+), 1 deletion(-)
yamamotogen@yamamotomotonoMacBook-Air git_challenge % git status
On branch main
Untracked files:
  (use "git add <file>..." to include in what will be committed)
        .DS_Store

nothing added to commit but untracked files present (use "git add" to track)
yamamotogen@yamamotomotonoMacBook-Air git_challenge % git log 
commit da2b9f671ecdffbaf1b5dcac969c0eba57efad0c (HEAD -> main)
Author: yamagen0829 <yamagen3745@gmail.com>
Date:   Sat Mar 16 13:29:43 2024 +0900

    日本語訳を追記

commit d1548f4faa6e8e83af05fc8bd5f57ae24e83f304
Author: yamagen0829 <yamagen3745@gmail.com>
Date:   Sat Mar 16 13:27:27 2024 +0900

    hello_world.txtを追加
yamamotogen@yamamotomotonoMacBook-Air git_challenge % git mv hello_world.txt ./kadai_004
yamamotogen@yamamotomotonoMacBook-Air git_challenge % git remote add origin https://github.com/yamagen0829/github-basic-kadai.git 
yamamotogen@yamamotomotonoMacBook-Air git_challenge % git remote -v
origin  https://github.com/yamagen0829/github-basic-kadai.git (fetch)
origin  https://github.com/yamagen0829/github-basic-kadai.git (push)
yamamotogen@yamamotomotonoMacBook-Air git_challenge % git diff --staged
diff --git a/hello_world.txt b/kadai_004/hello_world.txt
similarity index 100%
rename from hello_world.txt
rename to kadai_004/hello_world.txt
yamamotogen@yamamotomotonoMacBook-Air git_challenge % git push -u origin main 
Enumerating objects: 6, done.
Counting objects: 100% (6/6), done.
Delta compression using up to 8 threads
Compressing objects: 100% (2/2), done.
Writing objects: 100% (6/6), 538 bytes | 538.00 KiB/s, done.
Total 6 (delta 0), reused 0 (delta 0), pack-reused 0 (from 0)
To https://github.com/yamagen0829/github-basic-kadai.git
 * [new branch]      main -> main
branch 'main' set up to track 'origin/main'.
yamamotogen@yamamotomotonoMacBook-Air git_challenge % git merge origin/main
Already up to date.
